Copyright 1986-2015 Xilinx, Inc. All Rights Reserved.
-------------------------------------------------------------------------------------------------------------------------------------------------
| Tool Version : Vivado v.2015.2 (lin64) Build 1266856 Fri Jun 26 16:35:25 MDT 2015
| Date         : Mon Aug 24 15:27:28 2015
| Host         : MC32GBLNX running 64-bit CentOS release 6.7 (Final)
| Command      : report_utilization -file pcie_gen2x1_sub_sys_wrapper_utilization_synth.rpt -pb pcie_gen2x1_sub_sys_wrapper_utilization_synth.pb
| Design       : pcie_gen2x1_sub_sys_wrapper
| Device       : xc7k325t
| Design State : Synthesized
-------------------------------------------------------------------------------------------------------------------------------------------------

Utilization Design Information

Table of Contents
-----------------
1. Slice Logic
1.1 Summary of Registers by Type
2. Memory
3. DSP
4. IO and GT Specific
5. Clocking
6. Specific Feature
7. Primitives
8. Black Boxes
9. Instantiated Netlists

1. Slice Logic
--------------

+----------------------------+-------+-------+-----------+-------+
|          Site Type         |  Used | Fixed | Available | Util% |
+----------------------------+-------+-------+-----------+-------+
| Slice LUTs*                | 19011 |     0 |    203800 |  9.33 |
|   LUT as Logic             | 15565 |     0 |    203800 |  7.64 |
|   LUT as Memory            |  3446 |     0 |     64000 |  5.38 |
|     LUT as Distributed RAM |  2808 |     0 |           |       |
|     LUT as Shift Register  |   638 |     0 |           |       |
| Slice Registers            | 20452 |     0 |    407600 |  5.02 |
|   Register as Flip Flop    | 20452 |     0 |    407600 |  5.02 |
|   Register as Latch        |     0 |     0 |    407600 |  0.00 |
| F7 Muxes                   |   492 |     0 |    101900 |  0.48 |
| F8 Muxes                   |    66 |     0 |     50950 |  0.13 |
+----------------------------+-------+-------+-----------+-------+
* Warning! The Final LUT count, after physical optimizations and full implementation, is typically lower. Run opt_design after synthesis, if not already completed, for a more realistic count.


1.1 Summary of Registers by Type
--------------------------------

+-------+--------------+-------------+--------------+
| Total | Clock Enable | Synchronous | Asynchronous |
+-------+--------------+-------------+--------------+
| 0     |            _ |           - |            - |
| 0     |            _ |           - |          Set |
| 0     |            _ |           - |        Reset |
| 0     |            _ |         Set |            - |
| 0     |            _ |       Reset |            - |
| 0     |          Yes |           - |            - |
| 418   |          Yes |           - |          Set |
| 913   |          Yes |           - |        Reset |
| 736   |          Yes |         Set |            - |
| 18385 |          Yes |       Reset |            - |
+-------+--------------+-------------+--------------+


2. Memory
---------

+-------------------+------+-------+-----------+-------+
|     Site Type     | Used | Fixed | Available | Util% |
+-------------------+------+-------+-----------+-------+
| Block RAM Tile    | 13.5 |     0 |       445 |  3.03 |
|   RAMB36/FIFO*    |   13 |     0 |       445 |  2.92 |
|     RAMB36E1 only |   13 |       |           |       |
|   RAMB18          |    1 |     0 |       890 |  0.11 |
|     RAMB18E1 only |    1 |       |           |       |
+-------------------+------+-------+-----------+-------+
* Note: Each Block RAM Tile only has one FIFO logic available and therefore can accommodate only one FIFO36E1 or one FIFO18E1. However, if a FIFO18E1 occupies a Block RAM Tile, that tile can still accommodate a RAMB18E1


3. DSP
------

+-----------+------+-------+-----------+-------+
| Site Type | Used | Fixed | Available | Util% |
+-----------+------+-------+-----------+-------+
| DSPs      |    0 |     0 |       840 |  0.00 |
+-----------+------+-------+-----------+-------+


4. IO and GT Specific
---------------------

+-----------------------------+------+-------+-----------+-------+
|          Site Type          | Used | Fixed | Available | Util% |
+-----------------------------+------+-------+-----------+-------+
| Bonded IOB                  |  126 |     0 |       500 | 25.20 |
| Bonded IPADs                |    4 |     0 |        50 |  8.00 |
| Bonded OPADs                |    2 |     0 |        32 |  6.25 |
| PHY_CONTROL                 |    3 |     0 |        10 | 30.00 |
| PHASER_REF                  |    3 |     0 |        10 | 30.00 |
| OUT_FIFO                    |   11 |     0 |        40 | 27.50 |
| IN_FIFO                     |    8 |     0 |        40 | 20.00 |
| IDELAYCTRL                  |    2 |     0 |        10 | 20.00 |
| IBUFGDS                     |    0 |     0 |       480 |  0.00 |
| GTXE2_COMMON                |    1 |     0 |         4 | 25.00 |
| GTXE2_CHANNEL               |    1 |     0 |        16 |  6.25 |
| PHASER_OUT/PHASER_OUT_PHY   |   11 |     0 |        40 | 27.50 |
|   PHASER_OUT_PHY only       |   11 |     0 |           |       |
| PHASER_IN/PHASER_IN_PHY     |    8 |     0 |        40 | 20.00 |
|   PHASER_IN_PHY only        |    8 |     0 |           |       |
| IDELAYE2/IDELAYE2_FINEDELAY |   64 |     0 |       500 | 12.80 |
|   IDELAYE2_FINEDELAY only   |   64 |     0 |           |       |
| ODELAYE2/ODELAYE2_FINEDELAY |    0 |     0 |       150 |  0.00 |
| IBUFDS_GTE2                 |    1 |     0 |         8 | 12.50 |
| ILOGIC                      |   72 |     0 |       500 | 14.40 |
|   ISERDES                   |   64 |       |           |       |
|   IDDR                      |    8 |       |           |       |
| OLOGIC                      |  120 |     0 |       500 | 24.00 |
|   OSERDES                   |  103 |       |           |       |
|   ODDR                      |   17 |       |           |       |
+-----------------------------+------+-------+-----------+-------+


5. Clocking
-----------

+------------+------+-------+-----------+-------+
|  Site Type | Used | Fixed | Available | Util% |
+------------+------+-------+-----------+-------+
| BUFGCTRL   |    9 |     0 |        32 | 28.13 |
| BUFIO      |    0 |     0 |        40 |  0.00 |
| MMCME2_ADV |    3 |     0 |        10 | 30.00 |
| PLLE2_ADV  |    1 |     0 |        10 | 10.00 |
| BUFMRCE    |    0 |     0 |        20 |  0.00 |
| BUFHCE     |    2 |     0 |       168 |  1.19 |
| BUFR       |    0 |     0 |        40 |  0.00 |
+------------+------+-------+-----------+-------+


6. Specific Feature
-------------------

+-------------+------+-------+-----------+--------+
|  Site Type  | Used | Fixed | Available |  Util% |
+-------------+------+-------+-----------+--------+
| BSCANE2     |    0 |     0 |         4 |   0.00 |
| CAPTUREE2   |    0 |     0 |         1 |   0.00 |
| DNA_PORT    |    0 |     0 |         1 |   0.00 |
| EFUSE_USR   |    0 |     0 |         1 |   0.00 |
| FRAME_ECCE2 |    0 |     0 |         1 |   0.00 |
| ICAPE2      |    0 |     0 |         2 |   0.00 |
| PCIE_2_1    |    1 |     0 |         1 | 100.00 |
| STARTUPE2   |    0 |     0 |         1 |   0.00 |
| XADC        |    1 |     0 |         1 | 100.00 |
+-------------+------+-------+-----------+--------+


7. Primitives
-------------

+------------------------+-------+----------------------+
|        Ref Name        |  Used |  Functional Category |
+------------------------+-------+----------------------+
| FDRE                   | 18385 |         Flop & Latch |
| LUT6                   |  5142 |                  LUT |
| LUT5                   |  4728 |                  LUT |
| LUT3                   |  4525 |                  LUT |
| RAMD32                 |  4208 |   Distributed Memory |
| LUT4                   |  2013 |                  LUT |
| LUT2                   |  1614 |                  LUT |
| RAMS32                 |  1400 |   Distributed Memory |
| FDCE                   |   913 |         Flop & Latch |
| LUT1                   |   775 |                  LUT |
| FDSE                   |   736 |         Flop & Latch |
| SRLC32E                |   609 |   Distributed Memory |
| MUXF7                  |   492 |                MuxFx |
| FDPE                   |   418 |         Flop & Latch |
| CARRY4                 |   347 |           CarryLogic |
| OSERDESE2              |   103 |                   IO |
| MUXF8                  |    66 |                MuxFx |
| OBUFT_DCIEN            |    64 |                   IO |
| ISERDESE2              |    64 |                   IO |
| IDELAYE2_FINEDELAY     |    64 |                   IO |
| IBUF_IBUFDISABLE       |    64 |                   IO |
| OBUF                   |    34 |                   IO |
| SRL16E                 |    29 |   Distributed Memory |
| ODDR                   |    17 |                   IO |
| OBUFTDS_DCIEN          |    16 |                   IO |
| IBUFDS_IBUFDISABLE_INT |    16 |                   IO |
| RAMB36E1               |    13 |         Block Memory |
| PHASER_OUT_PHY         |    11 |                   IO |
| OUT_FIFO               |    11 |                   IO |
| INV                    |     9 |                  LUT |
| PHASER_IN_PHY          |     8 |                   IO |
| OBUFT                  |     8 |                   IO |
| IN_FIFO                |     8 |                   IO |
| IDDR                   |     8 |                   IO |
| BUFG                   |     8 |                Clock |
| IBUF                   |     6 |                   IO |
| PHY_CONTROL            |     3 |                   IO |
| PHASER_REF             |     3 |                   IO |
| MMCME2_ADV             |     3 |                Clock |
| OBUFDS                 |     2 |                   IO |
| IDELAYCTRL             |     2 |                   IO |
| BUFH                   |     2 |                Clock |
| XADC                   |     1 |               Others |
| RAMB18E1               |     1 |         Block Memory |
| PLLE2_ADV              |     1 |                Clock |
| PCIE_2_1               |     1 | Specialized Resource |
| IBUFDS_GTE2            |     1 |                   IO |
| IBUFDS                 |     1 |                   IO |
| GTXE2_COMMON           |     1 |                   IO |
| GTXE2_CHANNEL          |     1 |                   IO |
| BUFGCTRL               |     1 |                Clock |
+------------------------+-------+----------------------+


8. Black Boxes
--------------

+----------+------+
| Ref Name | Used |
+----------+------+


9. Instantiated Netlists
------------------------

+----------+------+
| Ref Name | Used |
+----------+------+


