#-----------------------------------------------------------
# Vivado v2013.4 (64-bit)
# SW Build 353583 on Mon Dec  9 17:26:26 MST 2013
# IP Build 208076 on Mon Dec  2 12:38:17 MST 2013
# Start of session at: Mon Mar 10 09:34:57 2014
# Process ID: 5539
# Log file: /home/sanjayr/projects/AC701/PCIe_gen2x8_PIO_test18/vivado_IPI_example_2/vivado.log
# Journal file: /home/sanjayr/projects/AC701/PCIe_gen2x8_PIO_test18/vivado_IPI_example_2/vivado.jou
#-----------------------------------------------------------
start_gui
source vivado_project.tcl
reset_run impl_1
launch_runs impl_1 -to_step write_bitstream
wait_on_run impl_1
open_run impl_1
open_hw
connect_hw_server -host localhost -port 60001
current_hw_target [get_hw_targets */xilinx_tcf/Digilent/210203368162A]
set_property PARAM.FREQUENCY 6000000 [get_hw_targets */xilinx_tcf/Digilent/210203368162A]
open_hw_target
set_property PROGRAM.FILE {/home/sanjayr/projects/AC701/PCIe_gen2x8_PIO_test18/vivado_IPI_example_2/project_X/project_X.runs/impl_1/pcie_gen1x1_sub_sys_wrapper.bit} [lindex [get_hw_devices] 0]
set_property PROBES.FILE {/home/sanjayr/projects/AC701/PCIe_gen2x8_PIO_test18/vivado_IPI_example_2/project_X/project_X.runs/impl_1/debug_nets.ltx} [lindex [get_hw_devices] 0]
current_hw_device [lindex [get_hw_devices] 0]
refresh_hw_device [lindex [get_hw_devices] 0]
set_property PROGRAM.FILE {/home/sanjayr/projects/AC701/PCIe_gen2x8_PIO_test18/vivado_IPI_example_2/project_X/project_X.runs/impl_1/pcie_gen1x1_sub_sys_wrapper.bit} [lindex [get_hw_devices] 0]
program_hw_devices [lindex [get_hw_devices] 0]
refresh_hw_device [lindex [get_hw_devices] 0]
